mode: set
github.com/aspect-build/neuron-go-hedera-sdk/account/didkey/didkey.go:33.13,35.100 1 1
github.com/aspect-build/neuron-go-hedera-sdk/account/didkey/didkey.go:35.100,37.3 1 0
github.com/aspect-build/neuron-go-hedera-sdk/account/didkey/didkey.go:61.68,62.21 1 1
github.com/aspect-build/neuron-go-hedera-sdk/account/didkey/didkey.go:62.21,64.3 1 1
github.com/aspect-build/neuron-go-hedera-sdk/account/didkey/didkey.go:67.2,85.8 8 1
github.com/aspect-build/neuron-go-hedera-sdk/account/didkey/didkey.go:90.47,92.47 1 1
github.com/aspect-build/neuron-go-hedera-sdk/account/didkey/didkey.go:92.47,94.3 1 1
github.com/aspect-build/neuron-go-hedera-sdk/account/didkey/didkey.go:96.2,97.26 2 1
github.com/aspect-build/neuron-go-hedera-sdk/account/didkey/didkey.go:97.26,99.3 1 1
github.com/aspect-build/neuron-go-hedera-sdk/account/didkey/didkey.go:102.2,102.26 1 1
github.com/aspect-build/neuron-go-hedera-sdk/account/didkey/didkey.go:102.26,104.3 1 1
github.com/aspect-build/neuron-go-hedera-sdk/account/didkey/didkey.go:107.2,108.16 2 1
github.com/aspect-build/neuron-go-hedera-sdk/account/didkey/didkey.go:108.16,110.3 1 1
github.com/aspect-build/neuron-go-hedera-sdk/account/didkey/didkey.go:113.2,113.23 1 1
github.com/aspect-build/neuron-go-hedera-sdk/account/didkey/didkey.go:113.23,115.3 1 1
github.com/aspect-build/neuron-go-hedera-sdk/account/didkey/didkey.go:118.2,118.46 1 1
github.com/aspect-build/neuron-go-hedera-sdk/account/didkey/didkey.go:118.46,120.3 1 0
github.com/aspect-build/neuron-go-hedera-sdk/account/didkey/didkey.go:123.2,127.16 3 1
github.com/aspect-build/neuron-go-hedera-sdk/account/didkey/didkey.go:127.16,129.3 1 0
github.com/aspect-build/neuron-go-hedera-sdk/account/didkey/didkey.go:131.2,135.8 1 1
github.com/aspect-build/neuron-go-hedera-sdk/account/didkey/didkey.go:140.42,142.16 2 1
github.com/aspect-build/neuron-go-hedera-sdk/account/didkey/didkey.go:142.16,143.13 1 1
github.com/aspect-build/neuron-go-hedera-sdk/account/didkey/didkey.go:145.2,145.10 1 1
github.com/aspect-build/neuron-go-hedera-sdk/account/didkey/didkey.go:150.34,152.2 1 1
github.com/aspect-build/neuron-go-hedera-sdk/account/didkey/didkey.go:155.34,157.2 1 1
github.com/aspect-build/neuron-go-hedera-sdk/account/didkey/didkey.go:161.38,163.2 1 1
github.com/aspect-build/neuron-go-hedera-sdk/account/didkey/didkey.go:167.35,168.26 1 1
github.com/aspect-build/neuron-go-hedera-sdk/account/didkey/didkey.go:168.26,170.3 1 1
github.com/aspect-build/neuron-go-hedera-sdk/account/didkey/didkey.go:171.2,171.12 1 1
github.com/aspect-build/neuron-go-hedera-sdk/account/didkey/didkey.go:175.54,176.18 1 1
github.com/aspect-build/neuron-go-hedera-sdk/account/didkey/didkey.go:176.18,178.3 1 1
github.com/aspect-build/neuron-go-hedera-sdk/account/didkey/didkey.go:180.2,180.32 1 1
github.com/aspect-build/neuron-go-hedera-sdk/account/didkey/didkey.go:184.62,185.26 1 1
github.com/aspect-build/neuron-go-hedera-sdk/account/didkey/didkey.go:185.26,187.3 1 1
github.com/aspect-build/neuron-go-hedera-sdk/account/didkey/didkey.go:188.2,188.25 1 1
github.com/aspect-build/neuron-go-hedera-sdk/account/didkey/didkey.go:192.65,193.45 1 1
github.com/aspect-build/neuron-go-hedera-sdk/account/didkey/didkey.go:193.45,195.3 1 1
github.com/aspect-build/neuron-go-hedera-sdk/account/didkey/didkey.go:197.2,197.34 1 1
github.com/aspect-build/neuron-go-hedera-sdk/account/didkey/didkey.go:201.32,203.2 1 1
github.com/aspect-build/neuron-go-hedera-sdk/account/didkey/didkey.go:207.58,208.26 1 1
github.com/aspect-build/neuron-go-hedera-sdk/account/didkey/didkey.go:208.26,210.3 1 1
github.com/aspect-build/neuron-go-hedera-sdk/account/didkey/didkey.go:213.2,239.8 7 1
github.com/aspect-build/neuron-go-hedera-sdk/account/didkey/didkey.go:243.83,244.26 1 1
github.com/aspect-build/neuron-go-hedera-sdk/account/didkey/didkey.go:244.26,246.3 1 1
github.com/aspect-build/neuron-go-hedera-sdk/account/didkey/didkey.go:247.2,247.47 1 1
github.com/aspect-build/neuron-go-hedera-sdk/account/didkey/didkey.go:254.68,256.2 1 1
github.com/aspect-build/neuron-go-hedera-sdk/account/didkey/didkey.go:259.42,261.2 1 0
github.com/aspect-build/neuron-go-hedera-sdk/account/didkey/didkey.go:264.48,265.32 1 0
github.com/aspect-build/neuron-go-hedera-sdk/account/didkey/didkey.go:265.32,267.3 1 0
github.com/aspect-build/neuron-go-hedera-sdk/account/didkey/didkey.go:268.2,268.29 1 0
github.com/aspect-build/neuron-go-hedera-sdk/account/didkey/didkey.go:272.35,273.22 1 0
github.com/aspect-build/neuron-go-hedera-sdk/account/didkey/didkey.go:273.22,275.3 1 0
github.com/aspect-build/neuron-go-hedera-sdk/account/didkey/didkey.go:276.2,276.26 1 0
github.com/aspect-build/neuron-go-hedera-sdk/account/account.go:101.59,103.2 1 1
github.com/aspect-build/neuron-go-hedera-sdk/account/account.go:107.47,109.2 1 1
github.com/aspect-build/neuron-go-hedera-sdk/account/account.go:113.55,115.2 1 1
github.com/aspect-build/neuron-go-hedera-sdk/account/account.go:120.50,122.2 1 1
github.com/aspect-build/neuron-go-hedera-sdk/account/account.go:125.40,127.2 1 1
github.com/aspect-build/neuron-go-hedera-sdk/account/account.go:130.39,132.2 1 1
github.com/aspect-build/neuron-go-hedera-sdk/account/account.go:135.40,137.2 1 0
github.com/aspect-build/neuron-go-hedera-sdk/account/account.go:141.58,143.2 1 0
github.com/aspect-build/neuron-go-hedera-sdk/account/account.go:147.40,149.2 1 1
github.com/aspect-build/neuron-go-hedera-sdk/account/account.go:153.65,155.2 1 1
github.com/aspect-build/neuron-go-hedera-sdk/account/account.go:160.44,162.2 1 1
github.com/aspect-build/neuron-go-hedera-sdk/account/account.go:165.45,167.2 1 1
github.com/aspect-build/neuron-go-hedera-sdk/account/account.go:170.45,172.2 1 1
github.com/aspect-build/neuron-go-hedera-sdk/account/account.go:177.56,179.2 1 1
github.com/aspect-build/neuron-go-hedera-sdk/account/account.go:182.59,184.2 1 1
github.com/aspect-build/neuron-go-hedera-sdk/account/account.go:189.48,191.2 1 0
github.com/aspect-build/neuron-go-hedera-sdk/account/account.go:196.49,198.2 1 0
github.com/aspect-build/neuron-go-hedera-sdk/account/account.go:203.53,205.2 1 0
github.com/aspect-build/neuron-go-hedera-sdk/account/account.go:210.43,212.2 1 0
github.com/aspect-build/neuron-go-hedera-sdk/account/account.go:216.61,218.2 1 0
github.com/aspect-build/neuron-go-hedera-sdk/account/account.go:223.38,225.2 1 1
github.com/aspect-build/neuron-go-hedera-sdk/account/account.go:229.41,233.30 2 1
github.com/aspect-build/neuron-go-hedera-sdk/account/account.go:233.30,235.3 1 1
github.com/aspect-build/neuron-go-hedera-sdk/account/account.go:238.2,238.63 1 1
github.com/aspect-build/neuron-go-hedera-sdk/account/account.go:238.63,240.3 1 0
github.com/aspect-build/neuron-go-hedera-sdk/account/account.go:243.2,243.23 1 1
github.com/aspect-build/neuron-go-hedera-sdk/account/account.go:244.25,245.112 1 1
github.com/aspect-build/neuron-go-hedera-sdk/account/account.go:245.112,247.4 1 0
github.com/aspect-build/neuron-go-hedera-sdk/account/account.go:248.24,249.111 1 1
github.com/aspect-build/neuron-go-hedera-sdk/account/account.go:249.111,251.4 1 0
github.com/aspect-build/neuron-go-hedera-sdk/account/account.go:252.25,253.114 1 0
github.com/aspect-build/neuron-go-hedera-sdk/account/account.go:253.114,255.4 1 0
github.com/aspect-build/neuron-go-hedera-sdk/account/account.go:259.2,259.43 1 1
github.com/aspect-build/neuron-go-hedera-sdk/account/account.go:259.43,260.67 1 1
github.com/aspect-build/neuron-go-hedera-sdk/account/account.go:260.67,262.4 1 0
github.com/aspect-build/neuron-go-hedera-sdk/account/account.go:266.2,266.23 1 1
github.com/aspect-build/neuron-go-hedera-sdk/account/account.go:266.23,267.44 1 1
github.com/aspect-build/neuron-go-hedera-sdk/account/account.go:267.44,269.4 1 0
github.com/aspect-build/neuron-go-hedera-sdk/account/account.go:271.2,271.24 1 1
github.com/aspect-build/neuron-go-hedera-sdk/account/account.go:271.24,272.45 1 1
github.com/aspect-build/neuron-go-hedera-sdk/account/account.go:272.45,274.4 1 0
github.com/aspect-build/neuron-go-hedera-sdk/account/account.go:276.2,276.24 1 1
github.com/aspect-build/neuron-go-hedera-sdk/account/account.go:276.24,277.45 1 1
github.com/aspect-build/neuron-go-hedera-sdk/account/account.go:277.45,279.4 1 0
github.com/aspect-build/neuron-go-hedera-sdk/account/account.go:283.2,283.33 1 1
github.com/aspect-build/neuron-go-hedera-sdk/account/account.go:283.33,284.64 1 1
github.com/aspect-build/neuron-go-hedera-sdk/account/account.go:284.64,286.4 1 0
github.com/aspect-build/neuron-go-hedera-sdk/account/account.go:289.2,289.12 1 1
github.com/aspect-build/neuron-go-hedera-sdk/account/account.go:294.56,301.63 3 1
github.com/aspect-build/neuron-go-hedera-sdk/account/account.go:301.63,303.3 1 0
github.com/aspect-build/neuron-go-hedera-sdk/account/account.go:306.2,306.23 1 1
github.com/aspect-build/neuron-go-hedera-sdk/account/account.go:307.25,308.106 1 1
github.com/aspect-build/neuron-go-hedera-sdk/account/account.go:309.24,310.105 1 1
github.com/aspect-build/neuron-go-hedera-sdk/account/account.go:311.25,312.108 1 0
github.com/aspect-build/neuron-go-hedera-sdk/account/account.go:316.2,316.43 1 1
github.com/aspect-build/neuron-go-hedera-sdk/account/account.go:316.43,318.3 1 1
github.com/aspect-build/neuron-go-hedera-sdk/account/account.go:321.2,321.23 1 1
github.com/aspect-build/neuron-go-hedera-sdk/account/account.go:321.23,323.3 1 0
github.com/aspect-build/neuron-go-hedera-sdk/account/account.go:324.2,324.24 1 1
github.com/aspect-build/neuron-go-hedera-sdk/account/account.go:324.24,326.3 1 0
github.com/aspect-build/neuron-go-hedera-sdk/account/account.go:327.2,327.24 1 1
github.com/aspect-build/neuron-go-hedera-sdk/account/account.go:327.24,329.3 1 0
github.com/aspect-build/neuron-go-hedera-sdk/account/account.go:332.2,332.55 1 1
github.com/aspect-build/neuron-go-hedera-sdk/account/account.go:332.55,334.3 1 0
github.com/aspect-build/neuron-go-hedera-sdk/account/account.go:336.2,336.15 1 1
github.com/aspect-build/neuron-go-hedera-sdk/account/account.go:343.56,344.34 1 1
github.com/aspect-build/neuron-go-hedera-sdk/account/account.go:344.34,346.3 1 1
github.com/aspect-build/neuron-go-hedera-sdk/account/account.go:347.2,347.43 1 1
github.com/aspect-build/neuron-go-hedera-sdk/account/account.go:389.54,395.27 2 1
github.com/aspect-build/neuron-go-hedera-sdk/account/account.go:395.27,399.3 3 1
github.com/aspect-build/neuron-go-hedera-sdk/account/account.go:402.2,402.53 1 1
github.com/aspect-build/neuron-go-hedera-sdk/account/account.go:402.53,407.26 5 0
github.com/aspect-build/neuron-go-hedera-sdk/account/account.go:407.26,409.4 1 0
github.com/aspect-build/neuron-go-hedera-sdk/account/account.go:413.2,413.18 1 1
github.com/aspect-build/neuron-go-hedera-sdk/account/account.go:413.18,415.3 1 1
github.com/aspect-build/neuron-go-hedera-sdk/account/account.go:416.2,416.30 1 1
github.com/aspect-build/neuron-go-hedera-sdk/account/account.go:416.30,418.3 1 1
github.com/aspect-build/neuron-go-hedera-sdk/account/account.go:421.2,421.23 1 1
github.com/aspect-build/neuron-go-hedera-sdk/account/account.go:421.23,423.3 1 1
github.com/aspect-build/neuron-go-hedera-sdk/account/account.go:424.2,424.24 1 1
github.com/aspect-build/neuron-go-hedera-sdk/account/account.go:424.24,426.3 1 1
github.com/aspect-build/neuron-go-hedera-sdk/account/account.go:427.2,427.24 1 1
github.com/aspect-build/neuron-go-hedera-sdk/account/account.go:427.24,429.3 1 1
github.com/aspect-build/neuron-go-hedera-sdk/account/account.go:430.2,430.33 1 1
github.com/aspect-build/neuron-go-hedera-sdk/account/account.go:430.33,432.3 1 1
github.com/aspect-build/neuron-go-hedera-sdk/account/account.go:435.2,435.28 1 1
github.com/aspect-build/neuron-go-hedera-sdk/account/account.go:435.28,437.3 1 0
github.com/aspect-build/neuron-go-hedera-sdk/account/account.go:438.2,438.28 1 1
github.com/aspect-build/neuron-go-hedera-sdk/account/account.go:438.28,440.3 1 0
github.com/aspect-build/neuron-go-hedera-sdk/account/account.go:441.2,441.32 1 1
github.com/aspect-build/neuron-go-hedera-sdk/account/account.go:441.32,443.3 1 0
github.com/aspect-build/neuron-go-hedera-sdk/account/account.go:444.2,444.22 1 1
github.com/aspect-build/neuron-go-hedera-sdk/account/account.go:444.22,446.3 1 0
github.com/aspect-build/neuron-go-hedera-sdk/account/account.go:449.2,449.31 1 1
github.com/aspect-build/neuron-go-hedera-sdk/account/account.go:449.31,454.3 4 0
github.com/aspect-build/neuron-go-hedera-sdk/account/account.go:456.2,456.24 1 1
github.com/aspect-build/neuron-go-hedera-sdk/account/account.go:460.40,461.16 1 1
github.com/aspect-build/neuron-go-hedera-sdk/account/account.go:461.16,463.3 1 1
github.com/aspect-build/neuron-go-hedera-sdk/account/account.go:465.2,466.18 2 1
github.com/aspect-build/neuron-go-hedera-sdk/account/account.go:466.18,468.3 1 1
github.com/aspect-build/neuron-go-hedera-sdk/account/account.go:469.2,469.53 1 1
github.com/aspect-build/neuron-go-hedera-sdk/account/account.go:469.53,471.3 1 0
github.com/aspect-build/neuron-go-hedera-sdk/account/account.go:472.2,472.83 1 1
github.com/aspect-build/neuron-go-hedera-sdk/account/account.go:476.58,480.49 3 0
github.com/aspect-build/neuron-go-hedera-sdk/account/account.go:480.49,482.3 1 0
github.com/aspect-build/neuron-go-hedera-sdk/account/account.go:485.2,485.23 1 0
github.com/aspect-build/neuron-go-hedera-sdk/account/account.go:486.16,487.36 1 0
github.com/aspect-build/neuron-go-hedera-sdk/account/account.go:488.15,489.35 1 0
github.com/aspect-build/neuron-go-hedera-sdk/account/account.go:490.16,491.36 1 0
github.com/aspect-build/neuron-go-hedera-sdk/account/account.go:492.10,493.71 1 0
github.com/aspect-build/neuron-go-hedera-sdk/account/account.go:497.2,497.23 1 0
github.com/aspect-build/neuron-go-hedera-sdk/account/account.go:497.23,499.17 2 0
github.com/aspect-build/neuron-go-hedera-sdk/account/account.go:499.17,501.4 1 0
github.com/aspect-build/neuron-go-hedera-sdk/account/account.go:502.3,506.17 3 0
github.com/aspect-build/neuron-go-hedera-sdk/account/account.go:506.17,508.4 1 0
github.com/aspect-build/neuron-go-hedera-sdk/account/account.go:509.3,510.37 2 0
github.com/aspect-build/neuron-go-hedera-sdk/account/account.go:514.2,514.56 1 0
github.com/aspect-build/neuron-go-hedera-sdk/account/account.go:514.56,516.41 2 0
github.com/aspect-build/neuron-go-hedera-sdk/account/account.go:516.41,518.18 2 0
github.com/aspect-build/neuron-go-hedera-sdk/account/account.go:518.18,520.5 1 0
github.com/aspect-build/neuron-go-hedera-sdk/account/account.go:521.4,521.20 1 0
github.com/aspect-build/neuron-go-hedera-sdk/account/account.go:523.3,524.17 2 0
github.com/aspect-build/neuron-go-hedera-sdk/account/account.go:524.17,526.4 1 0
github.com/aspect-build/neuron-go-hedera-sdk/account/account.go:527.3,527.31 1 0
github.com/aspect-build/neuron-go-hedera-sdk/account/account.go:531.2,531.26 1 0
github.com/aspect-build/neuron-go-hedera-sdk/account/account.go:531.26,533.17 2 0
github.com/aspect-build/neuron-go-hedera-sdk/account/account.go:533.17,535.4 1 0
github.com/aspect-build/neuron-go-hedera-sdk/account/account.go:536.3,536.32 1 0
github.com/aspect-build/neuron-go-hedera-sdk/account/account.go:540.2,540.17 1 0
github.com/aspect-build/neuron-go-hedera-sdk/account/account.go:540.17,542.17 2 0
github.com/aspect-build/neuron-go-hedera-sdk/account/account.go:542.17,544.4 1 0
github.com/aspect-build/neuron-go-hedera-sdk/account/account.go:545.3,545.14 1 0
github.com/aspect-build/neuron-go-hedera-sdk/account/account.go:549.2,549.19 1 0
github.com/aspect-build/neuron-go-hedera-sdk/account/account.go:549.19,551.17 2 0
github.com/aspect-build/neuron-go-hedera-sdk/account/account.go:551.17,553.4 1 0
github.com/aspect-build/neuron-go-hedera-sdk/account/account.go:554.3,554.17 1 0
github.com/aspect-build/neuron-go-hedera-sdk/account/account.go:556.2,556.20 1 0
github.com/aspect-build/neuron-go-hedera-sdk/account/account.go:556.20,558.17 2 0
github.com/aspect-build/neuron-go-hedera-sdk/account/account.go:558.17,560.4 1 0
github.com/aspect-build/neuron-go-hedera-sdk/account/account.go:561.3,561.18 1 0
github.com/aspect-build/neuron-go-hedera-sdk/account/account.go:563.2,563.20 1 0
github.com/aspect-build/neuron-go-hedera-sdk/account/account.go:563.20,565.17 2 0
github.com/aspect-build/neuron-go-hedera-sdk/account/account.go:565.17,567.4 1 0
github.com/aspect-build/neuron-go-hedera-sdk/account/account.go:568.3,568.18 1 0
github.com/aspect-build/neuron-go-hedera-sdk/account/account.go:572.2,572.31 1 0
github.com/aspect-build/neuron-go-hedera-sdk/account/account.go:572.31,574.42 2 0
github.com/aspect-build/neuron-go-hedera-sdk/account/account.go:574.42,576.18 2 0
github.com/aspect-build/neuron-go-hedera-sdk/account/account.go:576.18,578.5 1 0
github.com/aspect-build/neuron-go-hedera-sdk/account/account.go:579.4,579.31 1 0
github.com/aspect-build/neuron-go-hedera-sdk/account/account.go:581.3,581.49 1 0
github.com/aspect-build/neuron-go-hedera-sdk/account/account.go:585.2,587.27 2 0
github.com/aspect-build/neuron-go-hedera-sdk/account/account.go:587.27,589.59 2 0
github.com/aspect-build/neuron-go-hedera-sdk/account/account.go:589.59,591.4 1 0
github.com/aspect-build/neuron-go-hedera-sdk/account/account.go:592.3,592.28 1 0
github.com/aspect-build/neuron-go-hedera-sdk/account/account.go:595.2,595.31 1 0
github.com/aspect-build/neuron-go-hedera-sdk/account/account.go:595.31,597.66 2 0
github.com/aspect-build/neuron-go-hedera-sdk/account/account.go:597.66,599.4 1 0
github.com/aspect-build/neuron-go-hedera-sdk/account/account.go:600.3,600.35 1 0
github.com/aspect-build/neuron-go-hedera-sdk/account/account.go:603.2,603.21 1 0
github.com/aspect-build/neuron-go-hedera-sdk/account/account.go:603.21,605.53 2 0
github.com/aspect-build/neuron-go-hedera-sdk/account/account.go:605.53,607.4 1 0
github.com/aspect-build/neuron-go-hedera-sdk/account/account.go:608.3,608.22 1 0
github.com/aspect-build/neuron-go-hedera-sdk/account/account.go:612.2,612.57 1 0
github.com/aspect-build/neuron-go-hedera-sdk/account/account.go:612.57,614.17 2 0
github.com/aspect-build/neuron-go-hedera-sdk/account/account.go:614.17,616.4 1 0
github.com/aspect-build/neuron-go-hedera-sdk/account/account.go:618.3,618.28 1 0
github.com/aspect-build/neuron-go-hedera-sdk/account/account.go:619.19,620.28 1 0
github.com/aspect-build/neuron-go-hedera-sdk/account/account.go:621.19,622.28 1 0
github.com/aspect-build/neuron-go-hedera-sdk/account/account.go:624.3,624.34 1 0
github.com/aspect-build/neuron-go-hedera-sdk/account/account.go:627.2,627.12 1 0
github.com/aspect-build/neuron-go-hedera-sdk/account/account_type.go:51.38,52.11 1 1
github.com/aspect-build/neuron-go-hedera-sdk/account/account_type.go:53.30,54.23 1 1
github.com/aspect-build/neuron-go-hedera-sdk/account/account_type.go:55.25,56.18 1 1
github.com/aspect-build/neuron-go-hedera-sdk/account/account_type.go:57.24,58.17 1 1
github.com/aspect-build/neuron-go-hedera-sdk/account/account_type.go:59.25,60.18 1 0
github.com/aspect-build/neuron-go-hedera-sdk/account/account_type.go:61.10,62.44 1 1
github.com/aspect-build/neuron-go-hedera-sdk/account/account_type.go:67.37,69.2 1 1
github.com/aspect-build/neuron-go-hedera-sdk/account/account_type.go:72.38,74.2 1 1
github.com/aspect-build/neuron-go-hedera-sdk/account/account_type.go:77.37,79.2 1 1
github.com/aspect-build/neuron-go-hedera-sdk/account/account_type.go:82.38,84.2 1 0
github.com/aspect-build/neuron-go-hedera-sdk/account/account_type.go:87.41,89.2 1 1
github.com/aspect-build/neuron-go-hedera-sdk/account/account_type.go:92.44,94.2 1 1
github.com/aspect-build/neuron-go-hedera-sdk/account/account_type.go:97.49,99.2 1 0
github.com/aspect-build/neuron-go-hedera-sdk/account/account_type.go:103.47,105.2 1 1
github.com/aspect-build/neuron-go-hedera-sdk/account/account_type.go:109.50,111.2 1 0
github.com/aspect-build/neuron-go-hedera-sdk/account/account_type.go:115.51,117.2 1 0
github.com/aspect-build/neuron-go-hedera-sdk/account/account_type.go:120.39,123.18 2 1
github.com/aspect-build/neuron-go-hedera-sdk/account/account_type.go:123.18,126.3 1 1
github.com/aspect-build/neuron-go-hedera-sdk/account/account_type.go:128.2,128.12 1 1
github.com/aspect-build/neuron-go-hedera-sdk/account/backend_custom.go:8.13,10.2 1 1
github.com/aspect-build/neuron-go-hedera-sdk/account/backend_custom.go:17.39,19.2 1 1
github.com/aspect-build/neuron-go-hedera-sdk/account/backend_custom.go:23.63,24.19 1 1
github.com/aspect-build/neuron-go-hedera-sdk/account/backend_custom.go:24.19,26.3 1 0
github.com/aspect-build/neuron-go-hedera-sdk/account/backend_custom.go:27.2,27.12 1 1
github.com/aspect-build/neuron-go-hedera-sdk/account/backend_custom.go:32.70,33.51 1 1
github.com/aspect-build/neuron-go-hedera-sdk/account/backend_custom.go:33.51,35.3 1 0
github.com/aspect-build/neuron-go-hedera-sdk/account/backend_custom.go:36.2,36.21 1 1
github.com/aspect-build/neuron-go-hedera-sdk/account/backend_custom.go:40.52,49.2 1 1
github.com/aspect-build/neuron-go-hedera-sdk/account/backend_custom.go:52.54,54.2 1 1
github.com/aspect-build/neuron-go-hedera-sdk/account/backend_custom.go:58.65,60.2 1 0
github.com/aspect-build/neuron-go-hedera-sdk/account/backend_hedera.go:13.13,15.2 1 1
github.com/aspect-build/neuron-go-hedera-sdk/account/backend_hedera.go:25.39,27.2 1 1
github.com/aspect-build/neuron-go-hedera-sdk/account/backend_hedera.go:32.63,33.19 1 1
github.com/aspect-build/neuron-go-hedera-sdk/account/backend_hedera.go:33.19,35.3 1 1
github.com/aspect-build/neuron-go-hedera-sdk/account/backend_hedera.go:37.2,37.46 1 1
github.com/aspect-build/neuron-go-hedera-sdk/account/backend_hedera.go:37.46,40.3 1 1
github.com/aspect-build/neuron-go-hedera-sdk/account/backend_hedera.go:42.2,42.12 1 1
github.com/aspect-build/neuron-go-hedera-sdk/account/backend_hedera.go:47.70,48.51 1 1
github.com/aspect-build/neuron-go-hedera-sdk/account/backend_hedera.go:48.51,50.3 1 1
github.com/aspect-build/neuron-go-hedera-sdk/account/backend_hedera.go:51.2,51.21 1 1
github.com/aspect-build/neuron-go-hedera-sdk/account/backend_hedera.go:55.52,67.2 1 1
github.com/aspect-build/neuron-go-hedera-sdk/account/backend_hedera.go:70.54,72.2 1 1
github.com/aspect-build/neuron-go-hedera-sdk/account/backend_hedera.go:76.65,78.2 1 1
github.com/aspect-build/neuron-go-hedera-sdk/account/backend_hedera.go:84.55,86.9 2 1
github.com/aspect-build/neuron-go-hedera-sdk/account/backend_hedera.go:86.9,88.3 1 0
github.com/aspect-build/neuron-go-hedera-sdk/account/backend_hedera.go:89.2,89.41 1 1
github.com/aspect-build/neuron-go-hedera-sdk/account/backend_kafka.go:16.13,18.2 1 1
github.com/aspect-build/neuron-go-hedera-sdk/account/backend_kafka.go:28.38,30.2 1 1
github.com/aspect-build/neuron-go-hedera-sdk/account/backend_kafka.go:34.62,35.19 1 1
github.com/aspect-build/neuron-go-hedera-sdk/account/backend_kafka.go:35.19,37.3 1 1
github.com/aspect-build/neuron-go-hedera-sdk/account/backend_kafka.go:39.2,39.40 1 1
github.com/aspect-build/neuron-go-hedera-sdk/account/backend_kafka.go:39.40,42.3 1 1
github.com/aspect-build/neuron-go-hedera-sdk/account/backend_kafka.go:44.2,44.45 1 1
github.com/aspect-build/neuron-go-hedera-sdk/account/backend_kafka.go:44.45,47.3 1 1
github.com/aspect-build/neuron-go-hedera-sdk/account/backend_kafka.go:49.2,49.12 1 1
github.com/aspect-build/neuron-go-hedera-sdk/account/backend_kafka.go:54.69,55.51 1 1
github.com/aspect-build/neuron-go-hedera-sdk/account/backend_kafka.go:55.51,57.3 1 1
github.com/aspect-build/neuron-go-hedera-sdk/account/backend_kafka.go:58.2,58.21 1 1
github.com/aspect-build/neuron-go-hedera-sdk/account/backend_kafka.go:62.51,74.2 1 1
github.com/aspect-build/neuron-go-hedera-sdk/account/backend_kafka.go:77.53,79.2 1 1
github.com/aspect-build/neuron-go-hedera-sdk/account/backend_kafka.go:83.64,85.2 1 1
github.com/aspect-build/neuron-go-hedera-sdk/account/backend_kafka.go:90.54,92.9 2 1
github.com/aspect-build/neuron-go-hedera-sdk/account/backend_kafka.go:92.9,94.3 1 0
github.com/aspect-build/neuron-go-hedera-sdk/account/backend_kafka.go:95.2,95.41 1 1
github.com/aspect-build/neuron-go-hedera-sdk/account/builder.go:43.95,51.24 2 1
github.com/aspect-build/neuron-go-hedera-sdk/account/builder.go:51.24,53.3 1 1
github.com/aspect-build/neuron-go-hedera-sdk/account/builder.go:54.2,54.16 1 1
github.com/aspect-build/neuron-go-hedera-sdk/account/builder.go:54.16,56.3 1 1
github.com/aspect-build/neuron-go-hedera-sdk/account/builder.go:58.2,58.10 1 1
github.com/aspect-build/neuron-go-hedera-sdk/account/builder.go:63.93,71.24 2 1
github.com/aspect-build/neuron-go-hedera-sdk/account/builder.go:71.24,73.3 1 1
github.com/aspect-build/neuron-go-hedera-sdk/account/builder.go:74.2,74.27 1 1
github.com/aspect-build/neuron-go-hedera-sdk/account/builder.go:74.27,76.3 1 1
github.com/aspect-build/neuron-go-hedera-sdk/account/builder.go:78.2,78.10 1 1
github.com/aspect-build/neuron-go-hedera-sdk/account/builder.go:88.78,95.26 2 0
github.com/aspect-build/neuron-go-hedera-sdk/account/builder.go:95.26,97.3 1 0
github.com/aspect-build/neuron-go-hedera-sdk/account/builder.go:97.8,97.54 1 0
github.com/aspect-build/neuron-go-hedera-sdk/account/builder.go:97.54,99.3 1 0
github.com/aspect-build/neuron-go-hedera-sdk/account/builder.go:101.2,101.10 1 0
github.com/aspect-build/neuron-go-hedera-sdk/account/builder.go:105.46,106.16 1 1
github.com/aspect-build/neuron-go-hedera-sdk/account/builder.go:106.16,108.3 1 1
github.com/aspect-build/neuron-go-hedera-sdk/account/builder.go:112.70,113.58 1 1
github.com/aspect-build/neuron-go-hedera-sdk/account/builder.go:113.58,115.3 1 0
github.com/aspect-build/neuron-go-hedera-sdk/account/builder.go:116.2,117.10 2 1
github.com/aspect-build/neuron-go-hedera-sdk/account/builder.go:126.81,128.16 2 1
github.com/aspect-build/neuron-go-hedera-sdk/account/builder.go:128.16,132.3 2 1
github.com/aspect-build/neuron-go-hedera-sdk/account/builder.go:133.2,134.10 2 1
github.com/aspect-build/neuron-go-hedera-sdk/account/builder.go:139.74,141.2 1 1
github.com/aspect-build/neuron-go-hedera-sdk/account/builder.go:145.75,147.2 1 0
github.com/aspect-build/neuron-go-hedera-sdk/account/builder.go:150.71,151.58 1 1
github.com/aspect-build/neuron-go-hedera-sdk/account/builder.go:151.58,153.3 1 0
github.com/aspect-build/neuron-go-hedera-sdk/account/builder.go:154.2,155.10 2 1
github.com/aspect-build/neuron-go-hedera-sdk/account/builder.go:160.82,162.16 2 1
github.com/aspect-build/neuron-go-hedera-sdk/account/builder.go:162.16,166.3 2 1
github.com/aspect-build/neuron-go-hedera-sdk/account/builder.go:167.2,168.10 2 1
github.com/aspect-build/neuron-go-hedera-sdk/account/builder.go:173.75,175.2 1 1
github.com/aspect-build/neuron-go-hedera-sdk/account/builder.go:179.76,181.2 1 0
github.com/aspect-build/neuron-go-hedera-sdk/account/builder.go:184.71,185.58 1 1
github.com/aspect-build/neuron-go-hedera-sdk/account/builder.go:185.58,187.3 1 0
github.com/aspect-build/neuron-go-hedera-sdk/account/builder.go:188.2,189.10 2 1
github.com/aspect-build/neuron-go-hedera-sdk/account/builder.go:194.82,196.16 2 1
github.com/aspect-build/neuron-go-hedera-sdk/account/builder.go:196.16,200.3 2 1
github.com/aspect-build/neuron-go-hedera-sdk/account/builder.go:201.2,202.10 2 1
github.com/aspect-build/neuron-go-hedera-sdk/account/builder.go:207.75,209.2 1 1
github.com/aspect-build/neuron-go-hedera-sdk/account/builder.go:213.76,215.2 1 0
github.com/aspect-build/neuron-go-hedera-sdk/account/builder.go:223.117,227.2 1 0
github.com/aspect-build/neuron-go-hedera-sdk/account/builder.go:231.104,235.2 1 1
github.com/aspect-build/neuron-go-hedera-sdk/account/builder.go:239.103,243.2 1 0
github.com/aspect-build/neuron-go-hedera-sdk/account/builder.go:247.78,249.16 2 1
github.com/aspect-build/neuron-go-hedera-sdk/account/builder.go:249.16,252.3 2 1
github.com/aspect-build/neuron-go-hedera-sdk/account/builder.go:253.2,254.10 2 1
github.com/aspect-build/neuron-go-hedera-sdk/account/builder.go:258.83,259.32 1 1
github.com/aspect-build/neuron-go-hedera-sdk/account/builder.go:259.32,261.3 1 1
github.com/aspect-build/neuron-go-hedera-sdk/account/builder.go:262.2,262.10 1 1
github.com/aspect-build/neuron-go-hedera-sdk/account/builder.go:267.87,268.26 1 1
github.com/aspect-build/neuron-go-hedera-sdk/account/builder.go:268.26,271.3 2 1
github.com/aspect-build/neuron-go-hedera-sdk/account/builder.go:273.2,274.16 2 1
github.com/aspect-build/neuron-go-hedera-sdk/account/builder.go:274.16,277.3 2 0
github.com/aspect-build/neuron-go-hedera-sdk/account/builder.go:278.2,279.16 2 1
github.com/aspect-build/neuron-go-hedera-sdk/account/builder.go:279.16,282.3 2 1
github.com/aspect-build/neuron-go-hedera-sdk/account/builder.go:283.2,284.10 2 1
github.com/aspect-build/neuron-go-hedera-sdk/account/builder.go:290.76,293.2 2 0
github.com/aspect-build/neuron-go-hedera-sdk/account/builder.go:297.78,298.40 1 0
github.com/aspect-build/neuron-go-hedera-sdk/account/builder.go:298.40,301.3 2 0
github.com/aspect-build/neuron-go-hedera-sdk/account/builder.go:302.2,302.42 1 0
github.com/aspect-build/neuron-go-hedera-sdk/account/builder.go:302.42,305.3 2 0
github.com/aspect-build/neuron-go-hedera-sdk/account/builder.go:306.2,307.10 2 0
github.com/aspect-build/neuron-go-hedera-sdk/account/builder.go:312.85,313.39 1 0
github.com/aspect-build/neuron-go-hedera-sdk/account/builder.go:313.39,316.3 2 0
github.com/aspect-build/neuron-go-hedera-sdk/account/builder.go:317.2,317.48 1 0
github.com/aspect-build/neuron-go-hedera-sdk/account/builder.go:317.48,320.3 2 0
github.com/aspect-build/neuron-go-hedera-sdk/account/builder.go:321.2,322.10 2 0
github.com/aspect-build/neuron-go-hedera-sdk/account/builder.go:327.72,328.40 1 0
github.com/aspect-build/neuron-go-hedera-sdk/account/builder.go:328.40,331.3 2 0
github.com/aspect-build/neuron-go-hedera-sdk/account/builder.go:332.2,332.42 1 0
github.com/aspect-build/neuron-go-hedera-sdk/account/builder.go:332.42,335.3 2 0
github.com/aspect-build/neuron-go-hedera-sdk/account/builder.go:336.2,337.10 2 0
github.com/aspect-build/neuron-go-hedera-sdk/account/builder.go:341.89,343.16 2 0
github.com/aspect-build/neuron-go-hedera-sdk/account/builder.go:343.16,346.3 2 0
github.com/aspect-build/neuron-go-hedera-sdk/account/builder.go:347.2,348.10 2 0
github.com/aspect-build/neuron-go-hedera-sdk/account/builder.go:353.57,357.23 2 1
github.com/aspect-build/neuron-go-hedera-sdk/account/builder.go:357.23,360.3 1 1
github.com/aspect-build/neuron-go-hedera-sdk/account/builder.go:363.2,366.23 3 1
github.com/aspect-build/neuron-go-hedera-sdk/account/builder.go:367.25,368.112 1 1
github.com/aspect-build/neuron-go-hedera-sdk/account/builder.go:368.112,370.4 1 0
github.com/aspect-build/neuron-go-hedera-sdk/account/builder.go:372.3,372.67 1 1
github.com/aspect-build/neuron-go-hedera-sdk/account/builder.go:372.67,374.4 1 1
github.com/aspect-build/neuron-go-hedera-sdk/account/builder.go:376.3,378.17 3 1
github.com/aspect-build/neuron-go-hedera-sdk/account/builder.go:378.17,380.4 1 0
github.com/aspect-build/neuron-go-hedera-sdk/account/builder.go:381.3,381.40 1 1
github.com/aspect-build/neuron-go-hedera-sdk/account/builder.go:383.24,384.111 1 1
github.com/aspect-build/neuron-go-hedera-sdk/account/builder.go:384.111,386.4 1 1
github.com/aspect-build/neuron-go-hedera-sdk/account/builder.go:388.3,390.17 3 1
github.com/aspect-build/neuron-go-hedera-sdk/account/builder.go:390.17,392.4 1 0
github.com/aspect-build/neuron-go-hedera-sdk/account/builder.go:393.3,393.40 1 1
github.com/aspect-build/neuron-go-hedera-sdk/account/builder.go:395.25,396.114 1 0
github.com/aspect-build/neuron-go-hedera-sdk/account/builder.go:396.114,398.4 1 0
github.com/aspect-build/neuron-go-hedera-sdk/account/builder.go:400.3,400.28 1 0
github.com/aspect-build/neuron-go-hedera-sdk/account/builder.go:400.28,402.4 1 0
github.com/aspect-build/neuron-go-hedera-sdk/account/builder.go:406.10,407.72 1 0
github.com/aspect-build/neuron-go-hedera-sdk/account/builder.go:411.2,411.40 1 1
github.com/aspect-build/neuron-go-hedera-sdk/account/builder.go:411.40,412.22 1 1
github.com/aspect-build/neuron-go-hedera-sdk/account/builder.go:412.22,415.4 1 0
github.com/aspect-build/neuron-go-hedera-sdk/account/builder.go:416.3,416.57 1 1
github.com/aspect-build/neuron-go-hedera-sdk/account/builder.go:416.57,419.4 1 1
github.com/aspect-build/neuron-go-hedera-sdk/account/builder.go:423.2,442.21 2 1
github.com/aspect-build/neuron-go-hedera-sdk/account/builder.go:447.52,449.16 2 1
github.com/aspect-build/neuron-go-hedera-sdk/account/builder.go:449.16,450.13 1 1
github.com/aspect-build/neuron-go-hedera-sdk/account/builder.go:452.2,452.16 1 1
github.com/aspect-build/neuron-go-hedera-sdk/account/builder.go:457.43,459.2 1 1
github.com/aspect-build/neuron-go-hedera-sdk/account/builder.go:462.43,464.2 1 1
github.com/aspect-build/neuron-go-hedera-sdk/account/comm_address.go:18.42,20.2 1 1
github.com/aspect-build/neuron-go-hedera-sdk/account/comm_address.go:24.41,26.2 1 1
github.com/aspect-build/neuron-go-hedera-sdk/account/comm_address.go:31.67,33.9 2 1
github.com/aspect-build/neuron-go-hedera-sdk/account/comm_address.go:33.9,35.3 1 0
github.com/aspect-build/neuron-go-hedera-sdk/account/comm_address.go:36.2,36.29 1 1
github.com/aspect-build/neuron-go-hedera-sdk/account/comm_address.go:68.82,69.19 1 1
github.com/aspect-build/neuron-go-hedera-sdk/account/comm_address.go:69.19,71.3 1 1
github.com/aspect-build/neuron-go-hedera-sdk/account/comm_address.go:72.2,75.8 1 1
github.com/aspect-build/neuron-go-hedera-sdk/account/comm_address.go:89.71,93.9 3 1
github.com/aspect-build/neuron-go-hedera-sdk/account/comm_address.go:93.9,95.20 1 1
github.com/aspect-build/neuron-go-hedera-sdk/account/comm_address.go:95.20,98.4 1 1
github.com/aspect-build/neuron-go-hedera-sdk/account/comm_address.go:99.3,99.73 1 1
github.com/aspect-build/neuron-go-hedera-sdk/account/comm_address.go:103.2,104.16 2 1
github.com/aspect-build/neuron-go-hedera-sdk/account/comm_address.go:104.16,106.3 1 1
github.com/aspect-build/neuron-go-hedera-sdk/account/comm_address.go:108.2,108.75 1 1
github.com/aspect-build/neuron-go-hedera-sdk/account/comm_address.go:116.54,119.13 2 1
github.com/aspect-build/neuron-go-hedera-sdk/account/comm_address.go:119.13,121.3 1 1
github.com/aspect-build/neuron-go-hedera-sdk/account/comm_address.go:124.2,125.15 2 1
github.com/aspect-build/neuron-go-hedera-sdk/account/comm_address.go:125.15,128.3 1 1
github.com/aspect-build/neuron-go-hedera-sdk/account/comm_address.go:130.2,133.19 3 1
github.com/aspect-build/neuron-go-hedera-sdk/account/comm_address.go:133.19,135.3 1 1
github.com/aspect-build/neuron-go-hedera-sdk/account/comm_address.go:138.2,138.41 1 1
github.com/aspect-build/neuron-go-hedera-sdk/account/comm_address.go:143.49,145.16 2 1
github.com/aspect-build/neuron-go-hedera-sdk/account/comm_address.go:145.16,146.13 1 1
github.com/aspect-build/neuron-go-hedera-sdk/account/comm_address.go:148.2,148.13 1 1
github.com/aspect-build/neuron-go-hedera-sdk/account/comm_address.go:152.45,154.2 1 1
github.com/aspect-build/neuron-go-hedera-sdk/account/comm_address.go:157.39,159.2 1 1
github.com/aspect-build/neuron-go-hedera-sdk/account/comm_address.go:162.51,164.2 1 1
github.com/aspect-build/neuron-go-hedera-sdk/account/comm_address.go:168.38,169.16 1 1
github.com/aspect-build/neuron-go-hedera-sdk/account/comm_address.go:169.16,171.3 1 1
github.com/aspect-build/neuron-go-hedera-sdk/account/comm_address.go:172.2,172.48 1 1
github.com/aspect-build/neuron-go-hedera-sdk/account/comm_address.go:176.36,178.2 1 1
github.com/aspect-build/neuron-go-hedera-sdk/account/comm_address.go:186.39,189.16 2 1
github.com/aspect-build/neuron-go-hedera-sdk/account/comm_address.go:189.16,191.3 1 1
github.com/aspect-build/neuron-go-hedera-sdk/account/comm_address.go:194.2,195.8 2 1
github.com/aspect-build/neuron-go-hedera-sdk/account/comm_address.go:195.8,197.3 1 1
github.com/aspect-build/neuron-go-hedera-sdk/account/comm_address.go:200.2,200.21 1 0
github.com/aspect-build/neuron-go-hedera-sdk/account/comm_address.go:200.21,203.3 1 0
github.com/aspect-build/neuron-go-hedera-sdk/account/comm_address.go:204.2,204.12 1 0
github.com/aspect-build/neuron-go-hedera-sdk/account/comm_address.go:208.52,210.2 1 1
github.com/aspect-build/neuron-go-hedera-sdk/account/comm_address.go:219.61,222.29 2 1
github.com/aspect-build/neuron-go-hedera-sdk/account/comm_address.go:222.29,223.21 1 1
github.com/aspect-build/neuron-go-hedera-sdk/account/comm_address.go:223.21,225.4 1 1
github.com/aspect-build/neuron-go-hedera-sdk/account/comm_address.go:227.2,227.44 1 1
github.com/aspect-build/neuron-go-hedera-sdk/account/comm_address.go:231.51,232.27 1 1
github.com/aspect-build/neuron-go-hedera-sdk/account/comm_address.go:232.27,234.3 1 1
github.com/aspect-build/neuron-go-hedera-sdk/account/comm_address.go:235.2,237.15 3 1
github.com/aspect-build/neuron-go-hedera-sdk/account/comm_address.go:241.40,243.2 1 1
github.com/aspect-build/neuron-go-hedera-sdk/account/comm_address.go:246.35,248.2 1 1
github.com/aspect-build/neuron-go-hedera-sdk/account/comm_address.go:251.45,252.27 1 1
github.com/aspect-build/neuron-go-hedera-sdk/account/comm_address.go:252.27,254.3 1 1
github.com/aspect-build/neuron-go-hedera-sdk/account/comm_address.go:255.2,255.23 1 1
github.com/aspect-build/neuron-go-hedera-sdk/account/did.go:119.57,121.2 1 0
github.com/aspect-build/neuron-go-hedera-sdk/account/did.go:125.52,130.51 2 0
github.com/aspect-build/neuron-go-hedera-sdk/account/did.go:130.51,132.3 1 0
github.com/aspect-build/neuron-go-hedera-sdk/account/did.go:135.2,137.25 3 0
github.com/aspect-build/neuron-go-hedera-sdk/account/did.go:137.25,138.15 1 0
github.com/aspect-build/neuron-go-hedera-sdk/account/did.go:138.15,140.9 2 0
github.com/aspect-build/neuron-go-hedera-sdk/account/did.go:143.2,143.18 1 0
github.com/aspect-build/neuron-go-hedera-sdk/account/did.go:143.18,145.3 1 0
github.com/aspect-build/neuron-go-hedera-sdk/account/did.go:147.2,151.9 3 0
github.com/aspect-build/neuron-go-hedera-sdk/account/did.go:151.9,153.3 1 0
github.com/aspect-build/neuron-go-hedera-sdk/account/did.go:155.2,155.26 1 0
github.com/aspect-build/neuron-go-hedera-sdk/account/errors.go:36.43,37.11 1 1
github.com/aspect-build/neuron-go-hedera-sdk/account/errors.go:38.29,39.26 1 1
github.com/aspect-build/neuron-go-hedera-sdk/account/errors.go:40.27,41.24 1 1
github.com/aspect-build/neuron-go-hedera-sdk/account/errors.go:42.29,43.26 1 1
github.com/aspect-build/neuron-go-hedera-sdk/account/errors.go:44.25,45.22 1 1
github.com/aspect-build/neuron-go-hedera-sdk/account/errors.go:46.29,47.26 1 1
github.com/aspect-build/neuron-go-hedera-sdk/account/errors.go:48.30,49.27 1 1
github.com/aspect-build/neuron-go-hedera-sdk/account/errors.go:50.25,51.22 1 1
github.com/aspect-build/neuron-go-hedera-sdk/account/errors.go:52.24,53.21 1 1
github.com/aspect-build/neuron-go-hedera-sdk/account/errors.go:54.31,55.28 1 1
github.com/aspect-build/neuron-go-hedera-sdk/account/errors.go:56.30,57.27 1 0
github.com/aspect-build/neuron-go-hedera-sdk/account/errors.go:58.10,59.19 1 1
github.com/aspect-build/neuron-go-hedera-sdk/account/errors.go:77.39,78.18 1 1
github.com/aspect-build/neuron-go-hedera-sdk/account/errors.go:78.18,80.3 1 1
github.com/aspect-build/neuron-go-hedera-sdk/account/errors.go:81.2,81.16 1 1
github.com/aspect-build/neuron-go-hedera-sdk/account/errors.go:81.16,83.3 1 1
github.com/aspect-build/neuron-go-hedera-sdk/account/errors.go:84.2,84.58 1 1
github.com/aspect-build/neuron-go-hedera-sdk/account/errors.go:88.39,90.2 1 1
github.com/aspect-build/neuron-go-hedera-sdk/account/errors.go:93.46,95.28 2 1
github.com/aspect-build/neuron-go-hedera-sdk/account/errors.go:95.28,97.40 1 1
github.com/aspect-build/neuron-go-hedera-sdk/account/errors.go:97.40,99.4 1 1
github.com/aspect-build/neuron-go-hedera-sdk/account/errors.go:101.2,101.14 1 1
github.com/aspect-build/neuron-go-hedera-sdk/account/errors.go:105.97,112.2 1 1
github.com/aspect-build/neuron-go-hedera-sdk/account/errors.go:138.64,140.2 1 1
github.com/aspect-build/neuron-go-hedera-sdk/account/errors.go:143.62,145.2 1 1
github.com/aspect-build/neuron-go-hedera-sdk/account/errors.go:148.75,150.2 1 1
github.com/aspect-build/neuron-go-hedera-sdk/account/errors.go:153.60,155.2 1 1
github.com/aspect-build/neuron-go-hedera-sdk/account/errors.go:158.71,161.2 1 1
github.com/aspect-build/neuron-go-hedera-sdk/account/errors.go:164.64,167.2 1 1
github.com/aspect-build/neuron-go-hedera-sdk/account/errors.go:170.71,172.2 1 1
github.com/aspect-build/neuron-go-hedera-sdk/account/errors.go:175.61,178.2 1 1
github.com/aspect-build/neuron-go-hedera-sdk/account/errors.go:181.66,183.2 1 1
github.com/aspect-build/neuron-go-hedera-sdk/account/errors.go:186.77,189.2 1 1
github.com/aspect-build/neuron-go-hedera-sdk/account/errors.go:192.98,194.2 1 1
github.com/aspect-build/neuron-go-hedera-sdk/account/ledger_attachment.go:16.42,17.11 1 0
github.com/aspect-build/neuron-go-hedera-sdk/account/ledger_attachment.go:18.31,19.20 1 0
github.com/aspect-build/neuron-go-hedera-sdk/account/ledger_attachment.go:20.31,21.20 1 0
github.com/aspect-build/neuron-go-hedera-sdk/account/ledger_attachment.go:22.31,23.20 1 0
github.com/aspect-build/neuron-go-hedera-sdk/account/ledger_attachment.go:24.10,25.19 1 0
github.com/aspect-build/neuron-go-hedera-sdk/account/ledger_attachment.go:30.41,32.2 1 0
github.com/aspect-build/neuron-go-hedera-sdk/account/ledger_attachment.go:49.45,50.11 1 0
github.com/aspect-build/neuron-go-hedera-sdk/account/ledger_attachment.go:51.30,52.16 1 0
github.com/aspect-build/neuron-go-hedera-sdk/account/ledger_attachment.go:53.33,54.19 1 0
github.com/aspect-build/neuron-go-hedera-sdk/account/ledger_attachment.go:55.34,56.20 1 0
github.com/aspect-build/neuron-go-hedera-sdk/account/ledger_attachment.go:57.32,58.18 1 0
github.com/aspect-build/neuron-go-hedera-sdk/account/ledger_attachment.go:59.10,60.19 1 0
github.com/aspect-build/neuron-go-hedera-sdk/account/ledger_attachment.go:81.79,84.20 2 0
github.com/aspect-build/neuron-go-hedera-sdk/account/ledger_attachment.go:84.20,86.3 1 0
github.com/aspect-build/neuron-go-hedera-sdk/account/ledger_attachment.go:87.2,87.19 1 0
github.com/aspect-build/neuron-go-hedera-sdk/account/ledger_attachment.go:87.19,89.3 1 0
github.com/aspect-build/neuron-go-hedera-sdk/account/ledger_attachment.go:91.2,96.8 1 0
github.com/aspect-build/neuron-go-hedera-sdk/account/ledger_attachment.go:100.54,101.14 1 0
github.com/aspect-build/neuron-go-hedera-sdk/account/ledger_attachment.go:101.14,103.3 1 0
github.com/aspect-build/neuron-go-hedera-sdk/account/ledger_attachment.go:104.2,104.27 1 0
github.com/aspect-build/neuron-go-hedera-sdk/account/ledger_attachment.go:108.53,109.14 1 0
github.com/aspect-build/neuron-go-hedera-sdk/account/ledger_attachment.go:109.14,111.3 1 0
github.com/aspect-build/neuron-go-hedera-sdk/account/ledger_attachment.go:112.2,112.26 1 0
github.com/aspect-build/neuron-go-hedera-sdk/account/ledger_attachment.go:116.52,117.14 1 0
github.com/aspect-build/neuron-go-hedera-sdk/account/ledger_attachment.go:117.14,119.3 1 0
github.com/aspect-build/neuron-go-hedera-sdk/account/ledger_attachment.go:120.2,120.26 1 0
github.com/aspect-build/neuron-go-hedera-sdk/account/ledger_attachment.go:124.68,125.14 1 0
github.com/aspect-build/neuron-go-hedera-sdk/account/ledger_attachment.go:125.14,127.3 1 0
github.com/aspect-build/neuron-go-hedera-sdk/account/ledger_attachment.go:128.2,128.29 1 0
github.com/aspect-build/neuron-go-hedera-sdk/account/ledger_attachment.go:132.46,133.14 1 0
github.com/aspect-build/neuron-go-hedera-sdk/account/ledger_attachment.go:133.14,135.3 1 0
github.com/aspect-build/neuron-go-hedera-sdk/account/ledger_attachment.go:136.2,136.53 1 0
github.com/aspect-build/neuron-go-hedera-sdk/account/ledger_attachment.go:140.46,141.14 1 0
github.com/aspect-build/neuron-go-hedera-sdk/account/ledger_attachment.go:141.14,143.3 1 0
github.com/aspect-build/neuron-go-hedera-sdk/account/ledger_attachment.go:144.2,144.53 1 0
github.com/aspect-build/neuron-go-hedera-sdk/account/ledger_attachment.go:148.45,151.14 2 0
github.com/aspect-build/neuron-go-hedera-sdk/account/ledger_attachment.go:151.14,153.3 1 0
github.com/aspect-build/neuron-go-hedera-sdk/account/ledger_attachment.go:155.2,155.30 1 0
github.com/aspect-build/neuron-go-hedera-sdk/account/ledger_attachment.go:155.30,157.3 1 0
github.com/aspect-build/neuron-go-hedera-sdk/account/ledger_attachment.go:158.2,158.29 1 0
github.com/aspect-build/neuron-go-hedera-sdk/account/ledger_attachment.go:158.29,160.3 1 0
github.com/aspect-build/neuron-go-hedera-sdk/account/ledger_attachment.go:161.2,161.34 1 0
github.com/aspect-build/neuron-go-hedera-sdk/account/ledger_attachment.go:161.34,163.3 1 0
github.com/aspect-build/neuron-go-hedera-sdk/account/ledger_attachment.go:165.2,165.12 1 0
github.com/aspect-build/neuron-go-hedera-sdk/account/ledger_attachment.go:169.42,170.14 1 0
github.com/aspect-build/neuron-go-hedera-sdk/account/ledger_attachment.go:170.14,172.3 1 0
github.com/aspect-build/neuron-go-hedera-sdk/account/ledger_attachment.go:176.42,177.14 1 0
github.com/aspect-build/neuron-go-hedera-sdk/account/ledger_attachment.go:177.14,180.3 2 0
github.com/aspect-build/neuron-go-hedera-sdk/account/ledger_attachment.go:184.52,185.14 1 0
github.com/aspect-build/neuron-go-hedera-sdk/account/ledger_attachment.go:185.14,187.3 1 0
github.com/aspect-build/neuron-go-hedera-sdk/account/ledger_verification.go:70.47,72.2 1 0
github.com/aspect-build/neuron-go-hedera-sdk/account/ledger_verification.go:81.107,84.22 2 0
github.com/aspect-build/neuron-go-hedera-sdk/account/ledger_verification.go:84.22,86.3 1 0
github.com/aspect-build/neuron-go-hedera-sdk/account/ledger_verification.go:88.2,89.23 2 0
github.com/aspect-build/neuron-go-hedera-sdk/account/ledger_verification.go:89.23,91.3 1 0
github.com/aspect-build/neuron-go-hedera-sdk/account/ledger_verification.go:94.2,94.66 1 0
github.com/aspect-build/neuron-go-hedera-sdk/account/ledger_verification.go:94.66,99.3 1 0
github.com/aspect-build/neuron-go-hedera-sdk/account/ledger_verification.go:101.2,105.16 3 0
github.com/aspect-build/neuron-go-hedera-sdk/account/ledger_verification.go:105.16,111.3 1 0
github.com/aspect-build/neuron-go-hedera-sdk/account/ledger_verification.go:112.2,112.13 1 0
github.com/aspect-build/neuron-go-hedera-sdk/account/ledger_verification.go:112.13,117.3 1 0
github.com/aspect-build/neuron-go-hedera-sdk/account/ledger_verification.go:120.2,120.24 1 0
github.com/aspect-build/neuron-go-hedera-sdk/account/ledger_verification.go:120.24,123.49 2 0
github.com/aspect-build/neuron-go-hedera-sdk/account/ledger_verification.go:123.49,128.4 1 0
github.com/aspect-build/neuron-go-hedera-sdk/account/ledger_verification.go:130.3,131.17 2 0
github.com/aspect-build/neuron-go-hedera-sdk/account/ledger_verification.go:131.17,137.4 1 0
github.com/aspect-build/neuron-go-hedera-sdk/account/ledger_verification.go:138.3,138.15 1 0
github.com/aspect-build/neuron-go-hedera-sdk/account/ledger_verification.go:138.15,143.4 1 0
github.com/aspect-build/neuron-go-hedera-sdk/account/ledger_verification.go:144.8,147.22 2 0
github.com/aspect-build/neuron-go-hedera-sdk/account/ledger_verification.go:147.22,152.4 1 0
github.com/aspect-build/neuron-go-hedera-sdk/account/ledger_verification.go:154.3,155.17 2 0
github.com/aspect-build/neuron-go-hedera-sdk/account/ledger_verification.go:155.17,161.4 1 0
github.com/aspect-build/neuron-go-hedera-sdk/account/ledger_verification.go:162.3,162.15 1 0
github.com/aspect-build/neuron-go-hedera-sdk/account/ledger_verification.go:162.15,167.4 1 0
github.com/aspect-build/neuron-go-hedera-sdk/account/ledger_verification.go:170.3,171.17 2 0
github.com/aspect-build/neuron-go-hedera-sdk/account/ledger_verification.go:171.17,177.4 1 0
github.com/aspect-build/neuron-go-hedera-sdk/account/ledger_verification.go:178.3,178.22 1 0
github.com/aspect-build/neuron-go-hedera-sdk/account/ledger_verification.go:178.22,183.4 1 0
github.com/aspect-build/neuron-go-hedera-sdk/account/ledger_verification.go:186.2,189.8 1 0
github.com/aspect-build/neuron-go-hedera-sdk/account/ledger_verification.go:194.111,197.21 2 0
github.com/aspect-build/neuron-go-hedera-sdk/account/ledger_verification.go:197.21,199.3 1 0
github.com/aspect-build/neuron-go-hedera-sdk/account/ledger_verification.go:200.2,200.20 1 0
github.com/aspect-build/neuron-go-hedera-sdk/account/ledger_verification.go:200.20,202.3 1 0
github.com/aspect-build/neuron-go-hedera-sdk/account/ledger_verification.go:205.2,205.24 1 0
github.com/aspect-build/neuron-go-hedera-sdk/account/ledger_verification.go:205.24,210.3 1 0
github.com/aspect-build/neuron-go-hedera-sdk/account/ledger_verification.go:213.2,213.22 1 0
github.com/aspect-build/neuron-go-hedera-sdk/account/ledger_verification.go:213.22,218.3 1 0
github.com/aspect-build/neuron-go-hedera-sdk/account/ledger_verification.go:221.2,221.56 1 0
github.com/aspect-build/neuron-go-hedera-sdk/account/ledger_verification.go:221.56,226.3 1 0
github.com/aspect-build/neuron-go-hedera-sdk/account/ledger_verification.go:229.2,233.55 3 0
github.com/aspect-build/neuron-go-hedera-sdk/account/ledger_verification.go:233.55,234.80 1 0
github.com/aspect-build/neuron-go-hedera-sdk/account/ledger_verification.go:234.80,239.4 1 0
github.com/aspect-build/neuron-go-hedera-sdk/account/ledger_verification.go:241.3,245.17 2 0
github.com/aspect-build/neuron-go-hedera-sdk/account/ledger_verification.go:245.17,251.4 1 0
github.com/aspect-build/neuron-go-hedera-sdk/account/ledger_verification.go:252.3,252.15 1 0
github.com/aspect-build/neuron-go-hedera-sdk/account/ledger_verification.go:252.15,257.4 1 0
github.com/aspect-build/neuron-go-hedera-sdk/account/ledger_verification.go:260.2,263.8 1 0
github.com/aspect-build/neuron-go-hedera-sdk/account/message.go:47.37,49.2 1 1
github.com/aspect-build/neuron-go-hedera-sdk/account/message.go:52.40,54.2 1 1
github.com/aspect-build/neuron-go-hedera-sdk/account/message.go:58.60,59.23 1 1
github.com/aspect-build/neuron-go-hedera-sdk/account/message.go:59.23,61.3 1 1
github.com/aspect-build/neuron-go-hedera-sdk/account/message.go:62.2,62.43 1 1
github.com/aspect-build/neuron-go-hedera-sdk/account/message.go:62.43,64.3 1 1
github.com/aspect-build/neuron-go-hedera-sdk/account/message.go:65.2,65.11 1 1
github.com/aspect-build/neuron-go-hedera-sdk/account/message.go:70.58,71.23 1 1
github.com/aspect-build/neuron-go-hedera-sdk/account/message.go:71.23,73.3 1 1
github.com/aspect-build/neuron-go-hedera-sdk/account/message.go:74.2,74.37 1 1
github.com/aspect-build/neuron-go-hedera-sdk/account/message.go:75.13,76.11 1 1
github.com/aspect-build/neuron-go-hedera-sdk/account/message.go:77.11,78.18 1 1
github.com/aspect-build/neuron-go-hedera-sdk/account/message.go:79.13,80.18 1 1
github.com/aspect-build/neuron-go-hedera-sdk/account/message.go:81.14,82.18 1 1
github.com/aspect-build/neuron-go-hedera-sdk/account/message.go:83.12,84.18 1 1
github.com/aspect-build/neuron-go-hedera-sdk/account/message.go:85.14,86.18 1 1
github.com/aspect-build/neuron-go-hedera-sdk/account/message.go:87.10,88.11 1 1
github.com/aspect-build/neuron-go-hedera-sdk/account/message.go:94.59,95.23 1 1
github.com/aspect-build/neuron-go-hedera-sdk/account/message.go:95.23,97.3 1 1
github.com/aspect-build/neuron-go-hedera-sdk/account/message.go:98.2,98.43 1 1
github.com/aspect-build/neuron-go-hedera-sdk/account/message.go:98.43,100.3 1 1
github.com/aspect-build/neuron-go-hedera-sdk/account/message.go:101.2,101.12 1 1
github.com/aspect-build/neuron-go-hedera-sdk/account/message.go:110.52,116.2 1 1
github.com/aspect-build/neuron-go-hedera-sdk/account/message.go:119.80,122.2 2 1
github.com/aspect-build/neuron-go-hedera-sdk/account/message.go:125.80,128.2 2 1
github.com/aspect-build/neuron-go-hedera-sdk/account/message.go:131.83,134.2 2 1
github.com/aspect-build/neuron-go-hedera-sdk/account/message.go:137.94,140.2 2 1
github.com/aspect-build/neuron-go-hedera-sdk/account/message.go:143.75,146.2 2 1
github.com/aspect-build/neuron-go-hedera-sdk/account/message.go:149.89,152.2 2 1
github.com/aspect-build/neuron-go-hedera-sdk/account/message.go:155.88,156.27 1 1
github.com/aspect-build/neuron-go-hedera-sdk/account/message.go:156.27,158.3 1 0
github.com/aspect-build/neuron-go-hedera-sdk/account/message.go:159.2,160.10 2 1
github.com/aspect-build/neuron-go-hedera-sdk/account/message.go:164.52,166.2 1 1
github.com/aspect-build/neuron-go-hedera-sdk/account/reachable.go:36.58,39.13 2 1
github.com/aspect-build/neuron-go-hedera-sdk/account/reachable.go:39.13,41.3 1 1
github.com/aspect-build/neuron-go-hedera-sdk/account/reachable.go:43.2,44.16 2 1
github.com/aspect-build/neuron-go-hedera-sdk/account/reachable.go:44.16,47.3 1 1
github.com/aspect-build/neuron-go-hedera-sdk/account/reachable.go:49.2,50.16 2 1
github.com/aspect-build/neuron-go-hedera-sdk/account/reachable.go:50.16,52.3 1 1
github.com/aspect-build/neuron-go-hedera-sdk/account/reachable.go:54.2,58.8 1 1
github.com/aspect-build/neuron-go-hedera-sdk/account/reachable.go:63.53,65.16 2 1
github.com/aspect-build/neuron-go-hedera-sdk/account/reachable.go:65.16,66.13 1 1
github.com/aspect-build/neuron-go-hedera-sdk/account/reachable.go:68.2,68.13 1 1
github.com/aspect-build/neuron-go-hedera-sdk/account/reachable.go:76.114,79.15 2 1
github.com/aspect-build/neuron-go-hedera-sdk/account/reachable.go:79.15,81.3 1 1
github.com/aspect-build/neuron-go-hedera-sdk/account/reachable.go:83.2,83.29 1 1
github.com/aspect-build/neuron-go-hedera-sdk/account/reachable.go:83.29,85.3 1 1
github.com/aspect-build/neuron-go-hedera-sdk/account/reachable.go:87.2,88.16 2 1
github.com/aspect-build/neuron-go-hedera-sdk/account/reachable.go:88.16,90.3 1 0
github.com/aspect-build/neuron-go-hedera-sdk/account/reachable.go:92.2,92.35 1 1
github.com/aspect-build/neuron-go-hedera-sdk/account/reachable.go:92.35,94.3 1 1
github.com/aspect-build/neuron-go-hedera-sdk/account/reachable.go:96.2,100.8 1 1
github.com/aspect-build/neuron-go-hedera-sdk/account/reachable.go:104.110,108.16 3 1
github.com/aspect-build/neuron-go-hedera-sdk/account/reachable.go:108.16,111.3 1 1
github.com/aspect-build/neuron-go-hedera-sdk/account/reachable.go:113.2,113.59 1 1
github.com/aspect-build/neuron-go-hedera-sdk/account/reachable.go:117.56,119.2 1 1
github.com/aspect-build/neuron-go-hedera-sdk/account/reachable.go:122.47,124.2 1 1
github.com/aspect-build/neuron-go-hedera-sdk/account/reachable.go:127.40,128.16 1 1
github.com/aspect-build/neuron-go-hedera-sdk/account/reachable.go:128.16,130.3 1 1
github.com/aspect-build/neuron-go-hedera-sdk/account/reachable.go:131.2,131.14 1 1
github.com/aspect-build/neuron-go-hedera-sdk/account/reachable.go:135.38,137.2 1 1
github.com/aspect-build/neuron-go-hedera-sdk/account/reachable.go:141.46,142.17 1 1
github.com/aspect-build/neuron-go-hedera-sdk/account/reachable.go:142.17,144.3 1 1
github.com/aspect-build/neuron-go-hedera-sdk/account/reachable.go:145.2,145.49 1 1
github.com/aspect-build/neuron-go-hedera-sdk/account/reachable.go:149.56,150.34 1 1
github.com/aspect-build/neuron-go-hedera-sdk/account/reachable.go:150.34,152.3 1 1
github.com/aspect-build/neuron-go-hedera-sdk/account/reachable.go:153.2,153.34 1 1
github.com/aspect-build/neuron-go-hedera-sdk/account/reachable.go:153.34,155.3 1 1
github.com/aspect-build/neuron-go-hedera-sdk/account/reachable.go:156.2,156.29 1 1
github.com/aspect-build/neuron-go-hedera-sdk/account/reachable.go:162.41,165.16 2 1
github.com/aspect-build/neuron-go-hedera-sdk/account/reachable.go:165.16,167.3 1 1
github.com/aspect-build/neuron-go-hedera-sdk/account/reachable.go:169.2,169.23 1 1
github.com/aspect-build/neuron-go-hedera-sdk/account/reachable.go:169.23,171.3 1 0
github.com/aspect-build/neuron-go-hedera-sdk/account/reachable.go:173.2,173.12 1 1
github.com/aspect-build/neuron-go-hedera-sdk/account/reachable.go:178.79,181.37 2 1
github.com/aspect-build/neuron-go-hedera-sdk/account/reachable.go:181.37,183.3 1 1
github.com/aspect-build/neuron-go-hedera-sdk/account/reachable.go:185.2,185.29 1 1
github.com/aspect-build/neuron-go-hedera-sdk/account/reachable.go:185.29,187.3 1 1
github.com/aspect-build/neuron-go-hedera-sdk/account/reachable.go:189.2,189.37 1 1
github.com/aspect-build/neuron-go-hedera-sdk/account/reachable.go:189.37,191.3 1 1
github.com/aspect-build/neuron-go-hedera-sdk/account/reachable.go:193.2,193.12 1 1
github.com/aspect-build/neuron-go-hedera-sdk/account/reachable.go:199.80,202.46 2 1
github.com/aspect-build/neuron-go-hedera-sdk/account/reachable.go:202.46,204.3 1 1
github.com/aspect-build/neuron-go-hedera-sdk/account/reachable.go:207.2,207.32 1 1
github.com/aspect-build/neuron-go-hedera-sdk/account/reachable.go:211.73,214.16 2 1
github.com/aspect-build/neuron-go-hedera-sdk/account/reachable.go:214.16,217.3 1 1
github.com/aspect-build/neuron-go-hedera-sdk/account/reachable.go:219.2,219.50 1 1
github.com/aspect-build/neuron-go-hedera-sdk/account/reachable.go:223.72,227.57 3 1
github.com/aspect-build/neuron-go-hedera-sdk/account/reachable.go:227.57,228.43 1 1
github.com/aspect-build/neuron-go-hedera-sdk/account/reachable.go:228.43,231.18 3 1
github.com/aspect-build/neuron-go-hedera-sdk/account/reachable.go:231.18,235.5 3 1
github.com/aspect-build/neuron-go-hedera-sdk/account/reachable.go:237.3,237.14 1 1
github.com/aspect-build/neuron-go-hedera-sdk/account/reachable.go:240.2,240.12 1 1
github.com/aspect-build/neuron-go-hedera-sdk/account/reachable.go:240.12,242.3 1 1
github.com/aspect-build/neuron-go-hedera-sdk/account/reachable.go:244.2,244.25 1 1
github.com/aspect-build/neuron-go-hedera-sdk/account/reachable.go:252.89,257.22 3 1
github.com/aspect-build/neuron-go-hedera-sdk/account/reachable.go:257.22,259.3 1 0
github.com/aspect-build/neuron-go-hedera-sdk/account/reachable.go:262.2,266.16 3 1
github.com/aspect-build/neuron-go-hedera-sdk/account/reachable.go:266.16,268.3 1 0
github.com/aspect-build/neuron-go-hedera-sdk/account/reachable.go:271.2,271.37 1 1
github.com/aspect-build/neuron-go-hedera-sdk/account/reachable.go:281.63,284.29 2 1
github.com/aspect-build/neuron-go-hedera-sdk/account/reachable.go:284.29,285.21 1 1
github.com/aspect-build/neuron-go-hedera-sdk/account/reachable.go:285.21,287.4 1 1
github.com/aspect-build/neuron-go-hedera-sdk/account/reachable.go:289.2,289.40 1 1
github.com/aspect-build/neuron-go-hedera-sdk/account/reachable.go:294.66,296.25 2 1
github.com/aspect-build/neuron-go-hedera-sdk/account/reachable.go:296.25,297.14 1 1
github.com/aspect-build/neuron-go-hedera-sdk/account/reachable.go:297.14,298.12 1 1
github.com/aspect-build/neuron-go-hedera-sdk/account/reachable.go:300.3,301.17 2 1
github.com/aspect-build/neuron-go-hedera-sdk/account/reachable.go:301.17,303.4 1 1
github.com/aspect-build/neuron-go-hedera-sdk/account/reachable.go:304.3,304.30 1 1
github.com/aspect-build/neuron-go-hedera-sdk/account/reachable.go:306.2,306.41 1 1
github.com/aspect-build/neuron-go-hedera-sdk/account/reachable.go:311.107,313.25 2 1
github.com/aspect-build/neuron-go-hedera-sdk/account/reachable.go:313.25,314.14 1 1
github.com/aspect-build/neuron-go-hedera-sdk/account/reachable.go:314.14,315.12 1 1
github.com/aspect-build/neuron-go-hedera-sdk/account/reachable.go:317.3,318.17 2 1
github.com/aspect-build/neuron-go-hedera-sdk/account/reachable.go:318.17,320.4 1 1
github.com/aspect-build/neuron-go-hedera-sdk/account/reachable.go:321.3,321.30 1 1
github.com/aspect-build/neuron-go-hedera-sdk/account/reachable.go:323.2,323.41 1 1
github.com/aspect-build/neuron-go-hedera-sdk/account/reachable.go:327.49,328.23 1 1
github.com/aspect-build/neuron-go-hedera-sdk/account/reachable.go:328.23,330.3 1 1
github.com/aspect-build/neuron-go-hedera-sdk/account/reachable.go:331.2,333.15 3 1
github.com/aspect-build/neuron-go-hedera-sdk/account/reachable.go:337.44,338.23 1 1
github.com/aspect-build/neuron-go-hedera-sdk/account/reachable.go:338.23,340.3 1 1
github.com/aspect-build/neuron-go-hedera-sdk/account/reachable.go:341.2,342.31 2 1
github.com/aspect-build/neuron-go-hedera-sdk/account/reachable.go:342.31,344.3 1 1
github.com/aspect-build/neuron-go-hedera-sdk/account/reachable.go:345.2,345.15 1 1
github.com/aspect-build/neuron-go-hedera-sdk/account/reachable.go:349.60,350.23 1 1
github.com/aspect-build/neuron-go-hedera-sdk/account/reachable.go:350.23,352.3 1 1
github.com/aspect-build/neuron-go-hedera-sdk/account/reachable.go:353.2,354.31 2 1
github.com/aspect-build/neuron-go-hedera-sdk/account/reachable.go:354.31,356.3 1 1
github.com/aspect-build/neuron-go-hedera-sdk/account/reachable.go:357.2,357.15 1 1
github.com/aspect-build/neuron-go-hedera-sdk/account/reachable.go:361.40,363.2 1 1
github.com/aspect-build/neuron-go-hedera-sdk/account/reachable.go:366.35,368.2 1 1
github.com/aspect-build/neuron-go-hedera-sdk/account/reachable.go:371.47,372.23 1 1
github.com/aspect-build/neuron-go-hedera-sdk/account/reachable.go:372.23,374.3 1 1
github.com/aspect-build/neuron-go-hedera-sdk/account/reachable.go:375.2,375.19 1 1
github.com/aspect-build/neuron-go-hedera-sdk/account/reachable.go:379.73,382.29 2 1
github.com/aspect-build/neuron-go-hedera-sdk/account/reachable.go:382.29,384.3 1 1
github.com/aspect-build/neuron-go-hedera-sdk/account/reachable.go:386.2,386.31 1 1
github.com/aspect-build/neuron-go-hedera-sdk/account/reachable.go:386.31,387.65 1 1
github.com/aspect-build/neuron-go-hedera-sdk/account/reachable.go:387.65,390.4 1 1
github.com/aspect-build/neuron-go-hedera-sdk/account/reachable.go:393.2,393.12 1 1
github.com/aspect-build/neuron-go-hedera-sdk/account/reachable.go:397.59,398.28 1 1
github.com/aspect-build/neuron-go-hedera-sdk/account/reachable.go:398.28,399.20 1 1
github.com/aspect-build/neuron-go-hedera-sdk/account/reachable.go:399.20,401.4 1 1
github.com/aspect-build/neuron-go-hedera-sdk/account/reachable.go:403.2,403.14 1 1
github.com/aspect-build/neuron-go-hedera-sdk/account/reachable.go:407.55,409.31 2 1
github.com/aspect-build/neuron-go-hedera-sdk/account/reachable.go:409.31,410.29 1 1
github.com/aspect-build/neuron-go-hedera-sdk/account/reachable.go:410.29,412.4 1 1
github.com/aspect-build/neuron-go-hedera-sdk/account/reachable.go:414.2,414.15 1 1
github.com/aspect-build/neuron-go-hedera-sdk/account/reachable.go:418.54,420.31 2 1
github.com/aspect-build/neuron-go-hedera-sdk/account/reachable.go:420.31,421.28 1 1
github.com/aspect-build/neuron-go-hedera-sdk/account/reachable.go:421.28,423.4 1 1
github.com/aspect-build/neuron-go-hedera-sdk/account/reachable.go:425.2,425.15 1 1
github.com/aspect-build/neuron-go-hedera-sdk/account/registry.go:32.33,37.16 4 1
github.com/aspect-build/neuron-go-hedera-sdk/account/registry.go:37.16,38.40 1 0
github.com/aspect-build/neuron-go-hedera-sdk/account/registry.go:41.2,41.57 1 1
github.com/aspect-build/neuron-go-hedera-sdk/account/registry.go:41.57,42.60 1 0
github.com/aspect-build/neuron-go-hedera-sdk/account/registry.go:45.2,45.36 1 1
github.com/aspect-build/neuron-go-hedera-sdk/account/registry.go:50.46,56.2 4 1
github.com/aspect-build/neuron-go-hedera-sdk/account/registry.go:60.30,65.45 4 1
github.com/aspect-build/neuron-go-hedera-sdk/account/registry.go:65.45,67.3 1 1
github.com/aspect-build/neuron-go-hedera-sdk/account/registry.go:68.2,69.14 2 1
github.com/aspect-build/neuron-go-hedera-sdk/account/registry.go:73.44,76.2 2 1
github.com/aspect-build/neuron-go-hedera-sdk/account/registry.go:80.62,82.9 2 1
github.com/aspect-build/neuron-go-hedera-sdk/account/registry.go:82.9,84.3 1 1
github.com/aspect-build/neuron-go-hedera-sdk/account/registry.go:85.2,85.27 1 1
github.com/aspect-build/neuron-go-hedera-sdk/account/registry.go:90.60,95.48 4 1
github.com/aspect-build/neuron-go-hedera-sdk/account/registry.go:95.48,97.3 1 1
github.com/aspect-build/neuron-go-hedera-sdk/account/registry.go:98.2,98.15 1 1
github.com/aspect-build/neuron-go-hedera-sdk/account/registry.go:103.37,107.2 3 0
github.com/aspect-build/neuron-go-hedera-sdk/account/registry.go:111.22,115.2 3 0
github.com/aspect-build/neuron-go-hedera-sdk/account/topic.go:20.42,22.2 1 1
github.com/aspect-build/neuron-go-hedera-sdk/account/topic.go:25.41,26.11 1 1
github.com/aspect-build/neuron-go-hedera-sdk/account/topic.go:27.74,28.14 1 1
github.com/aspect-build/neuron-go-hedera-sdk/account/topic.go:29.10,30.15 1 1
github.com/aspect-build/neuron-go-hedera-sdk/account/validation.go:10.61,13.21 2 1
github.com/aspect-build/neuron-go-hedera-sdk/account/validation.go:13.21,15.3 1 1
github.com/aspect-build/neuron-go-hedera-sdk/account/validation.go:17.2,17.12 1 1
github.com/aspect-build/neuron-go-hedera-sdk/account/validation.go:21.47,23.2 1 1
github.com/aspect-build/neuron-go-hedera-sdk/account/validation.go:34.80,37.21 2 1
github.com/aspect-build/neuron-go-hedera-sdk/account/validation.go:37.21,39.3 1 1
github.com/aspect-build/neuron-go-hedera-sdk/account/validation.go:41.2,41.16 1 1
github.com/aspect-build/neuron-go-hedera-sdk/account/validation.go:41.16,43.3 1 1
github.com/aspect-build/neuron-go-hedera-sdk/account/validation.go:45.2,45.39 1 1
github.com/aspect-build/neuron-go-hedera-sdk/account/validation.go:45.39,47.3 1 0
github.com/aspect-build/neuron-go-hedera-sdk/account/validation.go:50.2,50.21 1 1
github.com/aspect-build/neuron-go-hedera-sdk/account/validation.go:50.21,52.3 1 1
github.com/aspect-build/neuron-go-hedera-sdk/account/validation.go:53.2,53.22 1 1
github.com/aspect-build/neuron-go-hedera-sdk/account/validation.go:53.22,55.3 1 0
github.com/aspect-build/neuron-go-hedera-sdk/account/validation.go:56.2,56.22 1 1
github.com/aspect-build/neuron-go-hedera-sdk/account/validation.go:56.22,58.3 1 0
github.com/aspect-build/neuron-go-hedera-sdk/account/validation.go:61.2,61.28 1 1
github.com/aspect-build/neuron-go-hedera-sdk/account/validation.go:61.28,63.3 1 1
github.com/aspect-build/neuron-go-hedera-sdk/account/validation.go:65.2,65.12 1 1
github.com/aspect-build/neuron-go-hedera-sdk/account/validation.go:78.58,81.21 2 1
github.com/aspect-build/neuron-go-hedera-sdk/account/validation.go:81.21,83.3 1 1
github.com/aspect-build/neuron-go-hedera-sdk/account/validation.go:85.2,85.27 1 1
github.com/aspect-build/neuron-go-hedera-sdk/account/validation.go:85.27,87.3 1 1
github.com/aspect-build/neuron-go-hedera-sdk/account/validation.go:90.2,90.32 1 1
github.com/aspect-build/neuron-go-hedera-sdk/account/validation.go:90.32,92.3 1 1
github.com/aspect-build/neuron-go-hedera-sdk/account/validation.go:95.2,95.20 1 1
github.com/aspect-build/neuron-go-hedera-sdk/account/validation.go:95.20,97.3 1 1
github.com/aspect-build/neuron-go-hedera-sdk/account/validation.go:98.2,98.21 1 1
github.com/aspect-build/neuron-go-hedera-sdk/account/validation.go:98.21,100.3 1 0
github.com/aspect-build/neuron-go-hedera-sdk/account/validation.go:101.2,101.21 1 1
github.com/aspect-build/neuron-go-hedera-sdk/account/validation.go:101.21,103.3 1 0
github.com/aspect-build/neuron-go-hedera-sdk/account/validation.go:106.2,106.16 1 1
github.com/aspect-build/neuron-go-hedera-sdk/account/validation.go:106.16,108.3 1 1
github.com/aspect-build/neuron-go-hedera-sdk/account/validation.go:110.2,110.12 1 1
github.com/aspect-build/neuron-go-hedera-sdk/account/validation.go:123.45,127.48 2 0
github.com/aspect-build/neuron-go-hedera-sdk/account/validation.go:127.48,129.3 1 0
github.com/aspect-build/neuron-go-hedera-sdk/account/validation.go:131.2,131.47 1 0
github.com/aspect-build/neuron-go-hedera-sdk/account/validation.go:131.47,133.3 1 0
github.com/aspect-build/neuron-go-hedera-sdk/account/validation.go:136.2,136.16 1 0
github.com/aspect-build/neuron-go-hedera-sdk/account/validation.go:136.16,138.3 1 0
github.com/aspect-build/neuron-go-hedera-sdk/account/validation.go:141.2,141.21 1 0
github.com/aspect-build/neuron-go-hedera-sdk/account/validation.go:141.21,143.3 1 0
github.com/aspect-build/neuron-go-hedera-sdk/account/validation.go:144.2,144.22 1 0
github.com/aspect-build/neuron-go-hedera-sdk/account/validation.go:144.22,146.3 1 0
github.com/aspect-build/neuron-go-hedera-sdk/account/validation.go:147.2,147.22 1 0
github.com/aspect-build/neuron-go-hedera-sdk/account/validation.go:147.22,149.3 1 0
github.com/aspect-build/neuron-go-hedera-sdk/account/validation.go:152.2,152.28 1 0
github.com/aspect-build/neuron-go-hedera-sdk/account/validation.go:152.28,154.3 1 0
github.com/aspect-build/neuron-go-hedera-sdk/account/validation.go:156.2,156.12 1 0
github.com/aspect-build/neuron-go-hedera-sdk/account/validation.go:160.39,163.16 2 1
github.com/aspect-build/neuron-go-hedera-sdk/account/validation.go:163.16,165.3 1 1
github.com/aspect-build/neuron-go-hedera-sdk/account/validation.go:167.2,167.23 1 1
github.com/aspect-build/neuron-go-hedera-sdk/account/validation.go:172.80,175.16 2 1
github.com/aspect-build/neuron-go-hedera-sdk/account/validation.go:175.16,177.3 1 1
github.com/aspect-build/neuron-go-hedera-sdk/account/validation.go:179.2,179.21 1 1
github.com/aspect-build/neuron-go-hedera-sdk/account/validation.go:179.21,181.3 1 1
github.com/aspect-build/neuron-go-hedera-sdk/account/validation.go:184.2,185.9 2 1
github.com/aspect-build/neuron-go-hedera-sdk/account/validation.go:185.9,188.3 1 0
github.com/aspect-build/neuron-go-hedera-sdk/account/validation.go:190.2,190.36 1 1
github.com/aspect-build/neuron-go-hedera-sdk/account/validation.go:190.36,192.3 1 1
github.com/aspect-build/neuron-go-hedera-sdk/account/validation.go:194.2,194.12 1 1
github.com/aspect-build/neuron-go-hedera-sdk/account/validation.go:198.50,200.2 1 1
github.com/aspect-build/neuron-go-hedera-sdk/account/validation.go:203.76,206.19 2 1
github.com/aspect-build/neuron-go-hedera-sdk/account/validation.go:206.19,208.3 1 1
github.com/aspect-build/neuron-go-hedera-sdk/account/validation.go:210.2,210.24 1 1
github.com/aspect-build/neuron-go-hedera-sdk/account/validation.go:214.54,216.2 1 0
github.com/aspect-build/neuron-go-hedera-sdk/account/validation.go:219.94,221.2 1 0
github.com/aspect-build/neuron-go-hedera-sdk/account/validation.go:224.87,226.2 1 0
github.com/aspect-build/neuron-go-hedera-sdk/account/validation.go:259.48,260.16 1 1
github.com/aspect-build/neuron-go-hedera-sdk/account/validation.go:260.16,262.3 1 1
github.com/aspect-build/neuron-go-hedera-sdk/account/validation.go:266.45,268.2 1 1
github.com/aspect-build/neuron-go-hedera-sdk/account/validation.go:271.41,273.2 1 1
github.com/aspect-build/neuron-go-hedera-sdk/account/validation.go:278.42,279.22 1 0
github.com/aspect-build/neuron-go-hedera-sdk/account/validation.go:279.22,281.3 1 0
github.com/aspect-build/neuron-go-hedera-sdk/account/validation.go:282.2,282.31 1 0
github.com/aspect-build/neuron-go-hedera-sdk/account/validation.go:286.47,287.22 1 1
github.com/aspect-build/neuron-go-hedera-sdk/account/validation.go:287.22,289.3 1 1
github.com/aspect-build/neuron-go-hedera-sdk/account/validation.go:290.2,290.18 1 1
github.com/aspect-build/neuron-go-hedera-sdk/account/validation.go:294.45,296.2 1 1
github.com/aspect-build/neuron-go-hedera-sdk/account/validation.go:299.46,301.2 1 1
github.com/aspect-build/neuron-go-hedera-sdk/account/validation.go:310.46,314.2 1 1
github.com/aspect-build/neuron-go-hedera-sdk/account/validation.go:317.95,320.2 2 1
github.com/aspect-build/neuron-go-hedera-sdk/account/validation.go:323.81,326.2 2 1
github.com/aspect-build/neuron-go-hedera-sdk/account/validation.go:330.92,333.2 2 1
github.com/aspect-build/neuron-go-hedera-sdk/account/validation.go:337.70,340.2 2 1
github.com/aspect-build/neuron-go-hedera-sdk/account/validation.go:345.57,348.2 2 0
github.com/aspect-build/neuron-go-hedera-sdk/account/validation.go:351.73,354.2 2 1
github.com/aspect-build/neuron-go-hedera-sdk/account/validation.go:357.114,360.2 2 1
github.com/aspect-build/neuron-go-hedera-sdk/account/validation.go:363.84,366.2 2 1
github.com/aspect-build/neuron-go-hedera-sdk/account/validation.go:369.121,372.2 2 0
github.com/aspect-build/neuron-go-hedera-sdk/account/validation.go:375.55,377.2 1 1
github.com/aspect-build/neuron-go-hedera-sdk/account/validation.go:380.43,382.2 1 1
github.com/aspect-build/neuron-go-hedera-sdk/account/validation.go:385.42,387.2 1 1
